<p><ruby><rb>日</rb><rp>(</rp><rt>にち</rt><rp>)</rp></ruby></p>
<p>Le kanji <ruby><rb>人</rb><rp>(</rp><rt>ひと</rt><rp>)</rp></ruby> signifie <strong>personne</strong></p>
<p><ruby><rb>番</rb><rp>(</rp><rt>ばん</rt><rp>)</rp></ruby></p>
<p><ruby><rb>一</rb><rp>(</rp><rt>いち</rt><rp>)</rp></ruby><ruby><rb>番</rb><rp>(</rp><rt>ばん</rt><rp>)</rp></ruby></p>
<p>いち<ruby><rb>番</rb><rp>(</rp><rt>ばん</rt><rp>)</rp></ruby>の人は</p>
<p><ruby><rb>一</rb><rp>(</rp><rt>いち</rt><rp>)</rp></ruby><ruby><rb>番</rb><rp>(</rp><rt>ばん</rt><rp>)</rp></ruby>は<ruby><rb>安</rb><rp>(</rp><rt>やす</rt><rp>)</rp></ruby>い</p>
<p><ruby><rb>始</rb><rp>(</rp><rt>はじ</rt><rp>)</rp></ruby>まる</p>
<p><strong><ruby><rb>始</rb><rp>(</rp><rt>はじ</rt><rp>)</rp></ruby>まる</strong></p>
<p><strong><ruby><rb>始</rb><rp>(</rp><rt>はじ</rt><rp>)</rp></ruby>まる</strong></p>
<p>この<ruby><rb>人</rb><rp>(</rp><rt>ひと</rt><rp>)</rp></ruby>の<ruby><rb>名</rb><rp>(</rp><rt>な</rt><rp>)</rp></ruby><ruby><rb>前</rb><rp>(</rp><rt>まえ</rt><rp>)</rp></ruby>はヴァンサンです。</p>
<p>この<ruby><rb>人</rb><rp>(</rp><rt>ひと</rt><rp>)</rp></ruby>の<ruby><rb>名</rb><rp>(</rp><rt>な</rt><rp>)</rp></ruby><ruby><rb>前</rb><rp>(</rp><rt>まえ</rt><rp>)</rp></ruby>はながいです</p>
<p>TestOf<strong>InsideStrong</strong>Value</p>
<p>あの<ruby><rb>人</rb><rp>(</rp><rt>ひと</rt><rp>)</rp></ruby></p>
<p>外<ruby><rb>人</rb><rp>(</rp><rt>じん</rt><rp>)</rp></ruby></p>
<h1 id="title">Title</h1>
<p>Body</p>
<p>マリアンヌさんが<strong>くるかどうか</strong><ruby><rb>分</rb><rp>(</rp><rt>わ</rt><rp>)</rp></ruby>かりません</p>