<h1 id="page1">Page 1</h1>
<p>This is <em>page 1</em>.</p>