<h1 id="page1">Page 1</h1>
<p>This is <em>page 1</em>.</p><table>
<thead>
<tr>
<th>titre1</th>
<th>titre2</th>
<th>titre3</th>
</tr>
</thead>
<tbody>
<tr>
<td>valeur1</td>
<td>valeur2</td>
<td>valeur3</td>
</tr>
</tbody>
</table>
<table>
<thead>
<tr>
<th>漢字</th>
<th>かな</th>
<th>フランス語で</th>
</tr>
</thead>
<tbody>
<tr>
<td><font size="+3">起</font></td>
<td>おーきる・キ</td>
<td>se lever</td>
</tr>
<tr>
<td><font size="+3">飲</font></td>
<td>のーむ・イン</td>
<td>boire</td>
</tr>
<tr>
<td><font size="+3">着</font></td>
<td>きーる・チャク</td>
<td>mettre un vêtement</td>
</tr>
<tr>
<td><font size="+3">遊</font></td>
<td>あそーぶ・ユウ</td>
<td>jouer</td>
</tr>
<tr>
<td><font size="+3">服</font></td>
<td>ふく</td>
<td>vêtement</td>
</tr>
<tr>
<td><font size="+3">庭</font></td>
<td>にわ・テイ</td>
<td>jardin</td>
</tr>
</tbody>
</table>